// Jest Snapshot v1, https://goo.gl/fbAQLP

exports[`Componente de cadastro de veículos deve carregar a página de cadastro de veículo 1`] = `
<form>
  <div
    class="MuiFormControl-root MuiTextField-root MuiFormControl-marginNormal MuiFormControl-fullWidth"
  >
    <label
      class="MuiFormLabel-root MuiInputLabel-root MuiInputLabel-formControl MuiInputLabel-animated MuiInputLabel-outlined Mui-required Mui-required"
      data-shrink="false"
      for="marca"
      id="marca-label"
    >
      Marca
      <span
        aria-hidden="true"
        class="MuiFormLabel-asterisk MuiInputLabel-asterisk"
      >
         
        *
      </span>
    </label>
    <div
      class="MuiInputBase-root MuiOutlinedInput-root MuiInputBase-fullWidth MuiInputBase-formControl"
    >
      <div
        aria-haspopup="listbox"
        aria-labelledby="marca-label marca"
        class="MuiSelect-root MuiSelect-select MuiSelect-selectMenu MuiSelect-outlined MuiInputBase-input MuiOutlinedInput-input"
        id="marca"
        role="button"
        tabindex="0"
      >
        <span>
          ​
        </span>
      </div>
      <input
        aria-hidden="true"
        class="MuiSelect-nativeInput"
        name="marca"
        required=""
        tabindex="-1"
        value=""
      />
      <svg
        aria-hidden="true"
        class="MuiSvgIcon-root MuiSelect-icon MuiSelect-iconOutlined"
        focusable="false"
        viewBox="0 0 24 24"
      >
        <path
          d="M7 10l5 5 5-5z"
        />
      </svg>
      <fieldset
        aria-hidden="true"
        class="PrivateNotchedOutline-root-1 MuiOutlinedInput-notchedOutline"
      >
        <legend
          class="PrivateNotchedOutline-legendLabelled-3"
        >
          <span>
            Marca
             *
          </span>
        </legend>
      </fieldset>
    </div>
    
  </div>
  <div
    class="MuiFormControl-root MuiTextField-root MuiFormControl-marginNormal MuiFormControl-fullWidth"
  >
    <label
      class="MuiFormLabel-root MuiInputLabel-root MuiInputLabel-formControl MuiInputLabel-animated MuiInputLabel-outlined Mui-required Mui-required"
      data-shrink="false"
      for="modelo"
      id="modelo-label"
    >
      Modelo
      <span
        aria-hidden="true"
        class="MuiFormLabel-asterisk MuiInputLabel-asterisk"
      >
         
        *
      </span>
    </label>
    <div
      class="MuiInputBase-root MuiOutlinedInput-root MuiInputBase-fullWidth MuiInputBase-formControl"
    >
      <input
        aria-invalid="false"
        class="MuiInputBase-input MuiOutlinedInput-input"
        id="modelo"
        name="modelo"
        required=""
        type="text"
        value=""
      />
      <fieldset
        aria-hidden="true"
        class="PrivateNotchedOutline-root-1 MuiOutlinedInput-notchedOutline"
      >
        <legend
          class="PrivateNotchedOutline-legendLabelled-3"
        >
          <span>
            Modelo
             *
          </span>
        </legend>
      </fieldset>
    </div>
    
  </div>
  <div
    class="MuiFormControl-root MuiTextField-root MuiFormControl-marginNormal MuiFormControl-fullWidth"
  >
    <label
      class="MuiFormLabel-root MuiInputLabel-root MuiInputLabel-formControl MuiInputLabel-animated MuiInputLabel-outlined Mui-required Mui-required"
      data-shrink="false"
      for="ano"
      id="ano-label"
    >
      Ano
      <span
        aria-hidden="true"
        class="MuiFormLabel-asterisk MuiInputLabel-asterisk"
      >
         
        *
      </span>
    </label>
    <div
      class="MuiInputBase-root MuiOutlinedInput-root MuiInputBase-fullWidth MuiInputBase-formControl"
    >
      <input
        aria-invalid="false"
        class="MuiInputBase-input MuiOutlinedInput-input"
        id="ano"
        name="ano"
        required=""
        type="text"
        value=""
      />
      <fieldset
        aria-hidden="true"
        class="PrivateNotchedOutline-root-1 MuiOutlinedInput-notchedOutline"
      >
        <legend
          class="PrivateNotchedOutline-legendLabelled-3"
        >
          <span>
            Ano
             *
          </span>
        </legend>
      </fieldset>
    </div>
    
  </div>
  <div
    class="MuiFormControl-root MuiTextField-root MuiFormControl-marginNormal MuiFormControl-fullWidth"
  >
    <label
      class="MuiFormLabel-root MuiInputLabel-root MuiInputLabel-formControl MuiInputLabel-animated MuiInputLabel-outlined Mui-required Mui-required"
      data-shrink="false"
      for="valor"
      id="valor-label"
    >
      Valor
      <span
        aria-hidden="true"
        class="MuiFormLabel-asterisk MuiInputLabel-asterisk"
      >
         
        *
      </span>
    </label>
    <div
      class="MuiInputBase-root MuiOutlinedInput-root MuiInputBase-fullWidth MuiInputBase-formControl"
    >
      <input
        aria-invalid="false"
        class="MuiInputBase-input MuiOutlinedInput-input"
        id="valor"
        name="valor"
        required=""
        type="text"
        value=""
      />
      <fieldset
        aria-hidden="true"
        class="PrivateNotchedOutline-root-1 MuiOutlinedInput-notchedOutline"
      >
        <legend
          class="PrivateNotchedOutline-legendLabelled-3"
        >
          <span>
            Valor
             *
          </span>
        </legend>
      </fieldset>
    </div>
    
  </div>
  <button
    class="MuiButtonBase-root MuiButton-root MuiButton-contained MuiButton-containedPrimary"
    tabindex="0"
    type="submit"
  >
    <span
      class="MuiButton-label"
    >
      Cadastrar
    </span>
    <span
      class="MuiTouchRipple-root"
    />
  </button>
  <button
    class="MuiButtonBase-root MuiButton-root MuiButton-contained MuiButton-containedSecondary"
    tabindex="0"
    type="button"
  >
    <span
      class="MuiButton-label"
    >
      Cancelar
    </span>
    <span
      class="MuiTouchRipple-root"
    />
  </button>
</form>
`;
